#-----------------------------------------------------------
# Vivado v2024.1 (64-bit)
# SW Build 5076996 on Wed May 22 18:37:14 MDT 2024
# IP Build 5075265 on Wed May 22 21:45:21 MDT 2024
# SharedData Build 5076995 on Wed May 22 18:29:18 MDT 2024
# Start of session at: Fri Jun 14 10:27:03 2024
# Process ID: 840
# Current directory: D:/chengxuyuan/PUF_GO/Xilinx Project/PUF_ARTY_S7_revised/PUF_ARTY_S7.runs/synth_1
# Command line: vivado.exe -log iXOR_APUF_64_DOLUT_wrapper.vds -product Vivado -mode batch -messageDb vivado.pb -notrace -source iXOR_APUF_64_DOLUT_wrapper.tcl
# Log file: D:/chengxuyuan/PUF_GO/Xilinx Project/PUF_ARTY_S7_revised/PUF_ARTY_S7.runs/synth_1/iXOR_APUF_64_DOLUT_wrapper.vds
# Journal file: D:/chengxuyuan/PUF_GO/Xilinx Project/PUF_ARTY_S7_revised/PUF_ARTY_S7.runs/synth_1\vivado.jou
# Running On        :DESKTOP-42VHPU2
# Platform          :Windows Server 2016 or Windows 10
# Operating System  :19045
# Processor Detail  :Intel(R) Core(TM) i7-10875H CPU @ 2.30GHz
# CPU Frequency     :2304 MHz
# CPU Physical cores:8
# CPU Logical cores :16
# Host memory       :17082 MB
# Swap memory       :8589 MB
# Total Virtual     :25672 MB
# Available Virtual :14609 MB
#-----------------------------------------------------------
source iXOR_APUF_64_DOLUT_wrapper.tcl -notrace
